IQ-TREE version 3.0.1 for MacOS ARM 64-bit built Jun 30 2025
Developed by Bui Quang Minh, Thomas Wong, Nhan Ly-Trong, Huaiyan Ren
Contributed by Lam-Tung Nguyen, Dominik Schrempf, Chris Bielow,
Olga Chernomor, Michael Woodhams, Diep Thi Hoang, Heiko Schmidt

Host:    e9b2557e-1aa1-4ed7-a65a-6b9abe8cd696.fritz.box (SSE4.2, 48 GB RAM)
Command: iqtree3 -s aln_famsa2.phy -fast -T AUTO -alrt 1000
Seed:    161705 (Using SPRNG - Scalable Parallel Random Number Generator)
Time:    Fri Aug 22 18:43:28 2025
Kernel:  SSE2 - auto-detect threads (14 CPU cores detected)

Reading alignment file aln_famsa2.phy ... Phylip format detected
Alignment most likely contains protein sequences
Constructing alignment: done in 0.01019 secs using 87.91% CPU
WARNING: 44 sites contain only gaps or ambiguous characters.
Alignment has 1747 sequences with 1212 columns, 1075 distinct patterns
459 parsimony-informative, 298 singleton sites, 455 constant sites
Analyzing sequences: done in 0.000377893 secs using 708.4% CPU
WARNING: 1747 sequences contain more than 50% gaps/ambiguity
Checking for duplicate sequences: done in 0.00448298 secs using 128.8% CPU


Create initial parsimony tree by phylogenetic likelihood library (PLL)... 1.01 seconds
Measuring multi-threading efficiency up to 14 CPU cores
6 trees examined
Threads: 1 / Time: 16.72 sec / Speedup: 1.00 / Efficiency: 100% / LogL: -382433
Threads: 2 / Time: 11.68 sec / Speedup: 1.43 / Efficiency: 72% / LogL: -382433
Threads: 3 / Time: 9.26 sec / Speedup: 1.80 / Efficiency: 60% / LogL: -382433
Threads: 4 / Time: 8.30 sec / Speedup: 2.01 / Efficiency: 50% / LogL: -382433
Threads: 5 / Time: 9.95 sec / Speedup: 1.68 / Efficiency: 34% / LogL: -382433
Determining AUTO threadcount: done in 55.944 secs using 168.7% CPU
BEST NUMBER OF THREADS: 4

Perform fast likelihood tree search using LG+I+G model...
Estimate model parameters (epsilon = 5.00)
Perform nearest neighbor interchange...
Estimate model parameters (epsilon = 1.00)
1. Initial log-likelihood: -344518.00
2. Current log-likelihood: -344514.56
3. Current log-likelihood: -344513.32
Optimal log-likelihood: -344512.85
Proportion of invariable sites: 0.00
Gamma shape alpha: 1.31
Parameters optimization took 3 rounds (7.14 sec)
Time for fast ML tree search: 161.35 seconds

NOTE: ModelFinder requires 2958 MB RAM!
ModelFinder will test up to 1232 protein models (sample size: 1212 epsilon: 0.10) ...
 No. Model         -LnL         df  AIC          AICc         BIC
  1  LG            354050.473   3491 715082.947   25096226.947 732887.142
  2  LG+I          354050.352   3492 715084.705   25110196.705 732894.000
  3  LG+G4         344512.610   3492 696009.220   25091121.220 713818.515
  4  LG+I+G4       344512.556   3493 696011.112   25105095.112 713825.507
  5  LG+R2         345635.872   3493 698257.745   25107341.745 716072.140
  6  LG+R3         344884.959   3495 696759.918   25133799.918 714584.513
  7  LG+R4         344079.285   3497 695152.569   25160164.569 712987.364
  8  LG+R5         343768.521   3499 694535.042   25187535.042 712380.037
  9  LG+R6         343707.078   3501 694416.155   25215420.155 712271.350
 10  LG+R7         343635.882   3503 694277.763   25243301.763 712143.159
 11  LG+R8         343625.769   3505 694261.538   25271321.538 712137.133
 12  LG+R9         343625.781   3507 694265.562   25299377.562 712151.357
 14  LG+I+R2       345636.015   3494 698260.031   25121320.031 716079.526
 15  LG+I+R3       344564.336   3496 696120.673   25147144.673 713950.368
 16  LG+I+R4       344047.422   3498 695090.843   25174094.843 712930.738
 17  LG+I+R5       343773.061   3500 694546.121   25201546.121 712396.216
 18  LG+I+R6       343689.408   3502 694382.815   25229394.815 712243.110
 19  LG+I+R7       343640.668   3504 694289.337   25257329.337 712159.832
 20  LG+I+R8       343629.736   3506 694271.473   25285355.473 712152.168
 21  LG+I+R9       343628.184   3508 694272.369   25313416.369 712163.264
 32  LG+F+R7       346768.666   3522 700581.332   25516593.332 718543.627
 33  LG+F+R8       346762.740   3524 700573.479   25544773.479 718545.975
 54  WAG+R7        342197.768   3503 691401.537   25240425.537 709266.932
 55  WAG+R8        342150.268   3505 691310.536   25268370.536 709186.131
 76  WAG+F+R7      343943.387   3522 694930.774   25510942.774 712893.070
 77  WAG+F+R8      343903.804   3524 694855.608   25539055.608 712828.103
 98  JTT+R7        343438.274   3503 693882.547   25242906.547 711747.942
 99  JTT+R8        343413.375   3505 693836.750   25270896.750 711712.345
120  JTT+F+R7      345803.005   3522 698650.011   25514662.011 716612.307
121  JTT+F+R8      345781.241   3524 698610.481   25542810.481 716582.977
142  Q.PFAM+R7     343522.361   3503 694050.722   25243074.722 711916.118
143  Q.PFAM+R8     343511.098   3505 694032.196   25271092.196 711907.791
164  Q.PFAM+F+R7   346611.477   3522 700266.954   25516278.954 718229.250
165  Q.PFAM+F+R8   346592.618   3524 700233.237   25544433.237 718205.732
186  Q.BIRD+R7     347858.260   3503 702722.519   25251746.519 720587.914
187  Q.BIRD+R8     347850.052   3505 702710.104   25279770.104 720585.699
208  Q.BIRD+F+R7   351170.643   3522 709385.287   25525397.287 727347.582
209  Q.BIRD+F+R8   351146.579   3524 709341.159   25553541.159 727313.655
230  Q.MAMMAL+R7   346552.888   3503 700111.776   25249135.776 717977.171
231  Q.MAMMAL+R8   346544.260   3505 700098.520   25277158.520 717974.115
252  Q.MAMMAL+F+R7 349513.217   3522 706070.435   25522082.435 724032.730
253  Q.MAMMAL+F+R8 349500.257   3524 706048.513   25550248.513 724021.009
274  Q.INSECT+R7   344497.651   3503 696001.303   25245025.303 713866.698
275  Q.INSECT+R8   344489.631   3505 695989.262   25273049.262 713864.857
296  Q.INSECT+F+R7 347618.465   3522 702280.929   25518292.929 720243.225
297  Q.INSECT+F+R8 347610.998   3524 702269.997   25546469.997 720242.492
318  Q.PLANT+R7    347063.824   3503 701133.648   25250157.648 718999.043
319  Q.PLANT+R8    347047.754   3505 701105.509   25278165.509 718981.104
340  Q.PLANT+F+R7  350135.787   3522 707315.573   25523327.573 725277.869
341  Q.PLANT+F+R8  350123.055   3524 707294.110   25551494.110 725266.606
362  Q.YEAST+R7    345278.669   3503 697563.337   25246587.337 715428.733
363  Q.YEAST+R8    345259.126   3505 697528.252   25274588.252 715403.847
384  Q.YEAST+F+R7  347694.351   3522 702432.702   25518444.702 720394.998
385  Q.YEAST+F+R8  347685.433   3524 702418.865   25546618.865 720391.361
406  JTTDCMUT+R7   343437.377   3503 693880.753   25242904.753 711746.149
407  JTTDCMUT+R8   343401.525   3505 693813.050   25270873.050 711688.645
428  JTTDCMUT+F+R7 345763.498   3522 698570.996   25514582.996 716533.292
429  JTTDCMUT+F+R8 345750.304   3524 698548.608   25542748.608 716521.104
450  DCMUT+R7      345802.371   3503 698610.743   25247634.743 716476.138
451  DCMUT+R8      345787.895   3505 698585.790   25275645.790 716461.385
472  DCMUT+F+R7    344468.492   3522 695980.984   25511992.984 713943.279
473  DCMUT+F+R8    344448.451   3524 695944.901   25540144.901 713917.397
494  VT+R7         341741.411   3503 690488.822   25239512.822 708354.217
495  VT+R8         341674.862   3505 690359.723   25267419.723 708235.319
516  VT+F+R7       344187.847   3522 695419.695   25511431.695 713381.990
517  VT+F+R8       344127.085   3524 695302.170   25539502.170 713274.665
538  PMB+R7        341821.436   3503 690648.872   25239672.872 708514.267
539  PMB+R8        341797.814   3505 690605.628   25267665.628 708481.223
560  PMB+F+R7      343504.558   3522 694053.116   25510065.116 712015.412
561  PMB+F+R8      343474.557   3524 693997.114   25538197.114 711969.609
582  BLOSUM62+R7   342500.525   3503 692007.050   25241031.050 709872.445
583  BLOSUM62+R8   342467.108   3505 691944.216   25269004.216 709819.811
604  BLOSUM62+F+R7 343801.264   3522 694646.528   25510658.528 712608.824
605  BLOSUM62+F+R8 343781.404   3524 694610.807   25538810.807 712583.303
626  DAYHOFF+R7    345828.670   3503 698663.340   25247687.340 716528.736
627  DAYHOFF+R8    345802.662   3505 698615.324   25275675.324 716490.919
648  DAYHOFF+F+R7  344491.979   3522 696027.957   25512039.957 713990.253
649  DAYHOFF+F+R8  344472.095   3524 695992.190   25540192.190 713964.686
670  MTREV+R7      357480.496   3503 721966.993   25270990.993 739832.388
671  MTREV+R8      357424.625   3505 721859.250   25298919.250 739734.845
692  MTREV+F+R7    350600.473   3522 708244.946   25524256.946 726207.242
693  MTREV+F+R8    350540.851   3524 708129.702   25552329.702 726102.198
714  MTART+R7      362695.946   3503 732397.892   25281421.892 750263.287
715  MTART+R8      362598.038   3505 732206.076   25309266.076 750081.671
736  MTART+F+R7    354619.954   3522 716283.908   25532295.908 734246.203
737  MTART+F+R8    354536.931   3524 716121.862   25560321.862 734094.358
758  MTZOA+R7      356577.923   3503 720161.846   25269185.846 738027.241
759  MTZOA+R8      356565.264   3505 720140.528   25297200.528 738016.123
780  MTZOA+F+R7    352073.788   3522 711191.577   25527203.577 729153.872
781  MTZOA+F+R8    352031.937   3524 711111.873   25555311.873 729084.369
802  MTMET+R7      357923.007   3503 722852.013   25271876.013 740717.408
803  MTMET+R8      357903.658   3505 722817.316   25299877.316 740692.911
824  MTMET+F+R7    350572.544   3522 708189.089   25524201.089 726151.384
825  MTMET+F+R8    350525.503   3524 708099.006   25552299.006 726071.502
846  MTVER+R7      357645.513   3503 722297.025   25271321.025 740162.421
847  MTVER+R8      357589.325   3505 722188.651   25299248.651 740064.246
868  MTVER+F+R7    353503.354   3522 714050.709   25530062.709 732013.004
869  MTVER+F+R8    353459.263   3524 713966.526   25558166.526 731939.022
890  MTINV+R7      361486.257   3503 729978.514   25279002.514 747843.909
891  MTINV+R8      361419.471   3505 729848.942   25306908.942 747724.538
912  MTINV+F+R7    349330.329   3522 705704.659   25521716.659 723666.954
913  MTINV+F+R8    349306.626   3524 705661.251   25549861.251 723633.747
934  MTMAM+R7      361250.750   3503 729507.501   25278531.501 747372.896
935  MTMAM+R8      361244.286   3505 729498.571   25306558.571 747374.166
956  MTMAM+F+R7    354980.685   3522 717005.371   25533017.371 734967.667
957  MTMAM+F+R8    354939.834   3524 716927.667   25561127.667 734900.163
978  FLAVI+R7      350598.717   3503 708203.433   25257227.433 726068.828
979  FLAVI+R8      350449.758   3505 707909.515   25284969.515 725785.111
1000  FLAVI+F+R7    351170.772   3522 709385.544   25525397.544 727347.840
1001  FLAVI+F+R8    351126.436   3524 709300.871   25553500.871 727273.367
1022  HIVB+R7       348160.549   3503 703327.099   25252351.099 721192.494
1023  HIVB+R8       348110.123   3505 703230.246   25280290.246 721105.841
1044  HIVB+F+R7     349439.162   3522 705922.324   25521934.324 723884.620
1045  HIVB+F+R8     349347.235   3524 705742.470   25549942.470 723714.966
1066  HIVW+R7       354986.899   3503 716979.797   25266003.797 734845.192
+R8 reinitialized from +R7 with factor 0.500
1067  HIVW+R8       354939.424   3505 716888.849   25293948.849 734764.444
1088  HIVW+F+R7     350383.834   3522 707811.668   25523823.668 725773.964
1089  HIVW+F+R8     350346.070   3524 707740.141   25551940.141 725712.637
1110  FLU+R7        345157.826   3503 697321.652   25246345.652 715187.047
1111  FLU+R8        345046.199   3505 697102.399   25274162.399 714977.994
1132  FLU+F+R7      344423.884   3522 695891.768   25511903.768 713854.064
1133  FLU+F+R8      344387.227   3524 695822.453   25540022.453 713794.949
1154  RTREV+R7      345681.193   3503 698368.387   25247392.387 716233.782
1155  RTREV+R8      345640.923   3505 698291.847   25275351.847 716167.442
1176  RTREV+F+R7    347088.263   3522 701220.525   25517232.525 719182.821
1177  RTREV+F+R8    347043.236   3524 701134.472   25545334.472 719106.968
1198  CPREV+R7      345026.817   3503 697059.634   25246083.634 714925.029
1199  CPREV+R8      344988.388   3505 696986.776   25274046.776 714862.371
1220  CPREV+F+R7    346972.324   3522 700988.649   25517000.649 718950.944
1221  CPREV+F+R8    346944.212   3524 700936.425   25545136.425 718908.921
Akaike Information Criterion:           VT+R8
Corrected Akaike Information Criterion: LG+G4
Bayesian Information Criterion:         VT+R8
Best-fit model: VT+R8 chosen according to BIC

All model information printed to aln_famsa2.phy.model.gz
CPU time for ModelFinder: 272864.013 seconds (75h:47m:44s)
Wall-clock time for ModelFinder: 117345.858 seconds (32h:35m:45s)

NOTE: 2366 MB RAM (2 GB) is required!
Estimate model parameters (epsilon = 0.500)
1. Initial log-likelihood: -342266.716
2. Current log-likelihood: -341849.240
3. Current log-likelihood: -341759.130
4. Current log-likelihood: -341753.030
5. Current log-likelihood: -341751.070
Optimal log-likelihood: -341750.411
Site proportion and rates:  (0.018,0.053) (0.030,0.161) (0.046,0.320) (0.118,0.475) (0.195,0.618) (0.186,0.804) (0.402,1.000) (0.005,53.027)
Parameters optimization took 5 rounds (498.206 sec)
Wrote distance file to... 
Computing ML distances based on estimated model parameters...
Calculating distance matrix: done in 305.237 secs using 399.6% CPU
Computing ML distances took 305.242340 sec (of wall-clock time) 1219.884318 sec (of CPU time)
WARNING: Some pairwise ML distances are too long (saturated)
Setting up auxiliary I and S matrices: done in 0.0135481 secs using 447.3% CPU
Constructing RapidNJ tree: done in 0.270138 secs using 210.2% CPU
Computing RapidNJ tree took 0.284056 sec (of wall-clock time) 0.628658 sec (of CPU time)
Log-likelihood of RapidNJ tree: -341544.107
--------------------------------------------------------------------
|             INITIALIZING CANDIDATE TREE SET                      |
--------------------------------------------------------------------

Do NNI search on 2 best initial trees
Estimate model parameters (epsilon = 0.500)
BETTER TREE FOUND at iteration 1: -339271.028
Finish initializing candidate tree set (4)
Current best tree score: -339271.028 / CPU time: 2682.184
Number of iterations: 2
TREE SEARCH COMPLETED AFTER 2 ITERATIONS / Time: 33h:34m:50s

--------------------------------------------------------------------
|                    FINALIZING TREE SEARCH                        |
--------------------------------------------------------------------
Performs final model parameters optimization
Estimate model parameters (epsilon = 0.050)
1. Initial log-likelihood: -339271.028
Optimal log-likelihood: -339270.988
Site proportion and rates:  (0.007,0.057) (0.022,0.152) (0.023,0.272) (0.048,0.454) (0.149,0.629) (0.234,0.760) (0.511,1.013) (0.005,34.327)
Parameters optimization took 1 rounds (1056.087 sec)
BEST SCORE FOUND : -339270.988

Testing tree branches by SH-like aLRT with 1000 replicates...
Alternative NNI shows better log-likelihood -339270.929 > -339270.988
Alternative NNI shows better log-likelihood -339270.974 > -339270.988
Alternative NNI shows better log-likelihood -339270.970 > -339270.988
Alternative NNI shows better log-likelihood -339270.689 > -339270.988
Alternative NNI shows better log-likelihood -339270.975 > -339270.988
Alternative NNI shows better log-likelihood -339270.976 > -339270.988
Alternative NNI shows better log-likelihood -339270.731 > -339270.988
Alternative NNI shows better log-likelihood -339270.899 > -339270.988
Alternative NNI shows better log-likelihood -339270.956 > -339270.988
Alternative NNI shows better log-likelihood -339270.177 > -339270.988
Alternative NNI shows better log-likelihood -339270.805 > -339270.988
Alternative NNI shows better log-likelihood -339270.986 > -339270.988
Alternative NNI shows better log-likelihood -339270.947 > -339270.988
Alternative NNI shows better log-likelihood -339270.799 > -339270.988
Alternative NNI shows better log-likelihood -339269.982 > -339270.988
Alternative NNI shows better log-likelihood -339270.938 > -339270.988
Alternative NNI shows better log-likelihood -339270.973 > -339270.988
Alternative NNI shows better log-likelihood -339270.774 > -339270.988
Alternative NNI shows better log-likelihood -339270.410 > -339270.988
Alternative NNI shows better log-likelihood -339270.891 > -339270.988
Alternative NNI shows better log-likelihood -339270.933 > -339270.988
Alternative NNI shows better log-likelihood -339270.910 > -339270.988
Alternative NNI shows better log-likelihood -339270.964 > -339270.988
Alternative NNI shows better log-likelihood -339270.958 > -339270.988
Alternative NNI shows better log-likelihood -339270.378 > -339270.988
Alternative NNI shows better log-likelihood -339270.891 > -339270.988
Alternative NNI shows better log-likelihood -339270.746 > -339270.988
Alternative NNI shows better log-likelihood -339270.905 > -339270.988
Alternative NNI shows better log-likelihood -339270.967 > -339270.988
Alternative NNI shows better log-likelihood -339270.849 > -339270.988
Alternative NNI shows better log-likelihood -339270.930 > -339270.988
Alternative NNI shows better log-likelihood -339270.973 > -339270.988
Alternative NNI shows better log-likelihood -339270.958 > -339270.988
Alternative NNI shows better log-likelihood -339270.893 > -339270.988
Alternative NNI shows better log-likelihood -339270.950 > -339270.988
Alternative NNI shows better log-likelihood -339270.906 > -339270.988
Alternative NNI shows better log-likelihood -339270.971 > -339270.988
Alternative NNI shows better log-likelihood -339268.834 > -339270.988
Alternative NNI shows better log-likelihood -339270.977 > -339270.988
Alternative NNI shows better log-likelihood -339270.835 > -339270.988
Alternative NNI shows better log-likelihood -339270.648 > -339270.988
Alternative NNI shows better log-likelihood -339270.410 > -339270.988
Alternative NNI shows better log-likelihood -339270.809 > -339270.988
Alternative NNI shows better log-likelihood -339270.461 > -339270.988
Alternative NNI shows better log-likelihood -339270.881 > -339270.988
Alternative NNI shows better log-likelihood -339270.799 > -339270.988
Alternative NNI shows better log-likelihood -339270.987 > -339270.988
Alternative NNI shows better log-likelihood -339270.612 > -339270.988
Alternative NNI shows better log-likelihood -339270.770 > -339270.988
Alternative NNI shows better log-likelihood -339270.730 > -339270.988
Alternative NNI shows better log-likelihood -339270.920 > -339270.988
Alternative NNI shows better log-likelihood -339270.909 > -339270.988
15.637 sec.
Total tree length: 2813.331

Total number of iterations: 2
CPU time used for tree search: 7653.039 sec (2h:7m:33s)
Wall-clock time used for tree search: 2682.188 sec (0h:44m:42s)
Total CPU time used: 284004.812 sec (78h:53m:24s)
Total wall-clock time used: 121962.449 sec (33h:52m:42s)

Analysis results written to: 
  IQ-TREE report:                aln_famsa2.phy.iqtree
  Maximum-likelihood tree:       aln_famsa2.phy.treefile
  Likelihood distances:          aln_famsa2.phy.mldist
  Screen log file:               aln_famsa2.phy.log

Date and Time: Sun Aug 24 04:36:10 2025
