IQ-TREE version 3.0.1 for MacOS ARM 64-bit built Jun 30 2025
Developed by Bui Quang Minh, Thomas Wong, Nhan Ly-Trong, Huaiyan Ren
Contributed by Lam-Tung Nguyen, Dominik Schrempf, Chris Bielow,
Olga Chernomor, Michael Woodhams, Diep Thi Hoang, Heiko Schmidt

Host:    Tobias-MacBook-Pro-M4.fritz.box (SSE4.2, 48 GB RAM)
Command: iqtree3 -s representatives_70id_reassign_alignemnt.phy -m JC -fast -nt AUTO -n 10 -ninit 10
Seed:    795656 (Using SPRNG - Scalable Parallel Random Number Generator)
Time:    Fri Aug 22 13:59:55 2025
Kernel:  SSE2 - auto-detect threads (14 CPU cores detected)

Reading alignment file representatives_70id_reassign_alignemnt.phy ... Phylip format detected
Alignment most likely contains protein sequences
Constructing alignment: done in 0.124649 secs using 89.98% CPU
WARNING: 102 sites contain only gaps or ambiguous characters.
Alignment has 12188 sequences with 2953 columns, 2589 distinct patterns
860 parsimony-informative, 780 singleton sites, 1313 constant sites
Analyzing sequences: done in 0.0173621 secs using 1041% CPU
WARNING: 12188 sequences contain more than 50% gaps/ambiguity
Checking for duplicate sequences: done in 0.100144 secs using 254.6% CPU
Identifying sites to remove: done in 0.109488 secs using 87.5% CPU
NOTE: 2 identical sequences (see below) will be ignored for subsequent analysis
Alignment was printed to representatives_70id_reassign_alignemnt.phy.uniqueseq.phy

For your convenience alignment with unique sequences printed to representatives_70id_reassign_alignemnt.phy.uniqueseq.phy

Create initial parsimony tree by phylogenetic likelihood library (PLL)... 87.42 seconds
ERROR: File not found JC

******************************************************
CHECKPOINT: Resuming analysis from representatives_70id_reassign_alignemnt.phy.ckp.gz

IQ-TREE version 3.0.1 for MacOS ARM 64-bit built Jun 30 2025
Developed by Bui Quang Minh, Thomas Wong, Nhan Ly-Trong, Huaiyan Ren
Contributed by Lam-Tung Nguyen, Dominik Schrempf, Chris Bielow,
Olga Chernomor, Michael Woodhams, Diep Thi Hoang, Heiko Schmidt

Host:    Tobias-MacBook-Pro-M4.fritz.box (SSE4.2, 48 GB RAM)
Command: iqtree3 -s representatives_70id_reassign_alignemnt.phy -m LG -fast -nt AUTO -n 10 -ninit 10
Seed:    945875 (Using SPRNG - Scalable Parallel Random Number Generator)
Time:    Fri Aug 22 14:03:45 2025
Kernel:  SSE2 - auto-detect threads (14 CPU cores detected)

WARNING: Command-line argument `LG` differs from checkpoint `JC`
WARNING: Command-line differs from checkpoint!
Reading alignment file representatives_70id_reassign_alignemnt.phy ... Phylip format detected
Alignment most likely contains protein sequences
Constructing alignment: done in 0.128619 secs using 89.95% CPU
WARNING: 102 sites contain only gaps or ambiguous characters.
Alignment has 12188 sequences with 2953 columns, 2589 distinct patterns
860 parsimony-informative, 780 singleton sites, 1313 constant sites
Analyzing sequences: done in 0.0170062 secs using 1054% CPU
WARNING: 12188 sequences contain more than 50% gaps/ambiguity
Checking for duplicate sequences: done in 0.0972521 secs using 250.7% CPU
Identifying sites to remove: done in 0.107384 secs using 89.02% CPU
NOTE: 2 identical sequences (see below) will be ignored for subsequent analysis
Alignment was printed to representatives_70id_reassign_alignemnt.phy.uniqueseq.phy

For your convenience alignment with unique sequences printed to representatives_70id_reassign_alignemnt.phy.uniqueseq.phy

CHECKPOINT: Initial tree restored

NOTE: 4913 MB RAM (4 GB) is required!
Measuring multi-threading efficiency up to 14 CPU cores
2 trees examined
Threads: 1 / Time: 40.24 sec / Speedup: 1.00 / Efficiency: 100% / LogL: -2875882
Threads: 2 / Time: 31.29 sec / Speedup: 1.29 / Efficiency: 64% / LogL: -2875882
Threads: 3 / Time: 28.23 sec / Speedup: 1.43 / Efficiency: 48% / LogL: -2875882
Determining AUTO threadcount: done in 99.8766 secs using 124.7% CPU
BEST NUMBER OF THREADS: 2

Estimate model parameters (epsilon = 0.50)
1. Initial log-likelihood: -3110026.32
Optimal log-likelihood: -1912956.19
Parameters optimization took 1 rounds (101.52 sec)
Wrote distance file to... 
Computing ML distances based on estimated model parameters...
Calculating distance matrix: done in 1921.75 secs using 198.8% CPU
Computing ML distances took 1921.884033 sec (of wall-clock time) 3819.798530 sec (of CPU time)
WARNING: Some pairwise ML distances are too long (saturated)
Setting up auxiliary I and S matrices: done in 1.22741 secs using 284% CPU
Constructing RapidNJ tree: done in 18.4079 secs using 243.5% CPU
Computing RapidNJ tree took 19.635403 sec (of wall-clock time) 48.314415 sec (of CPU time)
Log-likelihood of RapidNJ tree: -1906378.771
--------------------------------------------------------------------
|             INITIALIZING CANDIDATE TREE SET                      |
--------------------------------------------------------------------
Generating 8 parsimony trees... 793.564 second
Computing log-likelihood of 8 initial trees ... 124.409 seconds
Current best score: -1906378.771

Do NNI search on 10 best initial trees
Estimate model parameters (epsilon = 0.500)
BETTER TREE FOUND at iteration 1: -1886969.384
Iteration 10 / LogL: -1900419.153 / Time: 2h:29m:35s
Finish initializing candidate tree set (20)
Current best tree score: -1886969.384 / CPU time: 6499.299
Number of iterations: 10
TREE SEARCH COMPLETED AFTER 10 ITERATIONS / Time: 2h:29m:35s

--------------------------------------------------------------------
|                    FINALIZING TREE SEARCH                        |
--------------------------------------------------------------------
Performs final model parameters optimization
Estimate model parameters (epsilon = 0.050)
1. Initial log-likelihood: -1886969.384
Optimal log-likelihood: -1886969.335
Parameters optimization took 1 rounds (13.067 sec)
BEST SCORE FOUND : -1886969.335
Total tree length: 6909.435

Total number of iterations: 10
CPU time used for tree search: 8499.858 sec (2h:21m:39s)
Wall-clock time used for tree search: 6499.314 sec (1h:48m:19s)
Total CPU time used: 13071.850 sec (3h:37m:51s)
Total wall-clock time used: 8988.605 sec (2h:29m:48s)

Analysis results written to: 
  IQ-TREE report:                representatives_70id_reassign_alignemnt.phy.iqtree
  Maximum-likelihood tree:       representatives_70id_reassign_alignemnt.phy.treefile
  Likelihood distances:          representatives_70id_reassign_alignemnt.phy.mldist
  Screen log file:               representatives_70id_reassign_alignemnt.phy.log

Date and Time: Fri Aug 22 16:33:35 2025
